  Determining projects to restore...
  All projects are up-to-date for restore.
D:\Projects\ModernWMS\ModernWMS\backend\Repositories\LegacySqlInventoryRepository.cs(39,32): error CS0266: Cannot implicitly convert type 'double' to 'int'. An explicit conversion exists (are you missing a cast?) [D:\Projects\ModernWMS\ModernWMS\backend\ModernWMS.Backend.csproj]

Build FAILED.

D:\Projects\ModernWMS\ModernWMS\backend\Repositories\LegacySqlInventoryRepository.cs(39,32): error CS0266: Cannot implicitly convert type 'double' to 'int'. An explicit conversion exists (are you missing a cast?) [D:\Projects\ModernWMS\ModernWMS\backend\ModernWMS.Backend.csproj]
    0 Warning(s)
    1 Error(s)

Time Elapsed 00:00:01.43
